// Jest Snapshot v1, https://goo.gl/fbAQLP

exports[`Input matches snapshot props 1`] = `
<div>
  <input
    class="input"
    placeholder="Type here"
    value="test"
  />
</div>
`;
