// Jest Snapshot v1, https://goo.gl/fbAQLP

exports[`Button matches snapshot with children 1`] = `
<div>
  <button
    class="button"
    type="button"
  >
    test
  </button>
</div>
`;
